▲ Next.js 16.3.7 (Turbopack)
✓ Running next.config.ts took 67ms

  Creating an optimized production build ...
✓ Compiled successfully in 26.3s
  Running TypeScript ...
  Finished TypeScript in 10.0s ...
  Collecting page data using 11 workers ...
  Generating static pages using 11 workers (0/19) ...
  Generating static pages using 11 workers (4/19) 
  Generating static pages using 11 workers (9/19) 
  Generating static pages using 11 workers (14/19) 
✓ Generating static pages using 11 workers (19/19) in 985ms
  Finalizing page optimization ...

Route (app)
┌ ƒ /
├ ○ /_not-found
├ ○ /about
├ ○ /ads
├ ƒ /api/store/main/banners
├ ƒ /api/store/main/best
├ ƒ /api/store/main/by-category
├ ƒ /api/store/main/new
├ ○ /careers
├ ○ /faq
├ ƒ /health
├ ○ /notices
├ ƒ /notices/[id]
├ ○ /partners
├ ○ /privacy
├ ○ /profile
├ ○ /safe-trade
├ ○ /shipping
├ ○ /terms
└ ○ /youth-policy


○  (Static)   prerendered as static content
ƒ  (Dynamic)  server-rendered on demand

